{
  "Id": "acaf3e41-c2bf-4cf9-9f51-6377c12cf10e",
  "Type": "Pdf",
  "ReceivedAt": "2019-11-27T12:26:27.1578435Z",
  "From": null,
  "To": [],
  "Body": null,
  "Properties": {},
  "Provider": "UnitTest"
}
